   1              		.cpu arm7tdmi
   2              		.fpu softvfp
   3              		.eabi_attribute 20, 1
   4              		.eabi_attribute 21, 1
   5              		.eabi_attribute 23, 3
   6              		.eabi_attribute 24, 1
   7              		.eabi_attribute 25, 1
   8              		.eabi_attribute 26, 1
   9              		.eabi_attribute 30, 6
  10              		.eabi_attribute 18, 4
  11              		.file	"8led.c"
  21              	.Ltext0:
  22              		.file 1 "../8led.c"
 1880              		.align	2
 1883              	blink:
 1884 0000 00000000 		.space	4
 1885              		.global	blink_number
 1886              		.data
 1887              		.align	2
 1890              	blink_number:
 1891 0000 FFFFFFFF 		.word	-1
 1892              		.align	2
 1895              	Symbol:
 1896 0004 12FFFFFF 		.word	-238
 1897 0008 9FFFFFFF 		.word	-97
 1898 000c 31FFFFFF 		.word	-207
 1899 0010 15FFFFFF 		.word	-235
 1900 0014 9CFFFFFF 		.word	-100
 1901 0018 54FFFFFF 		.word	-172
 1902 001c D0FFFFFF 		.word	-48
 1903 0020 1FFFFFFF 		.word	-225
 1904 0024 10FFFFFF 		.word	-240
 1905 0028 1CFFFFFF 		.word	-228
 1906 002c 18FFFFFF 		.word	-232
 1907 0030 D0FFFFFF 		.word	-48
 1908 0034 72FFFFFF 		.word	-142
 1909 0038 91FFFFFF 		.word	-111
 1910 003c 70FFFFFF 		.word	-144
 1911 0040 78FFFFFF 		.word	-136
 1912 0044 FFFFFFFF 		.word	-1
 1913              		.text
 1914              		.align	2
 1915              		.global	D8Led_init
 1917              	D8Led_init:
 1918              	.LFB0:
   1:../8led.c     **** /*********************************************************************************************
   2:../8led.c     **** * Fichero:	8led.c
   3:../8led.c     **** * Autor:
   4:../8led.c     **** * Descrip:	Funciones de control del display 8-segmentos
   5:../8led.c     **** * Version:
   6:../8led.c     **** *********************************************************************************************/
   7:../8led.c     **** 
   8:../8led.c     **** /*--- ficheros de cabecera ---*/
   9:../8led.c     **** #include "8led.h"
  10:../8led.c     **** #include "44b.h"
  11:../8led.c     **** #include "44blib.h"
  12:../8led.c     **** //#include "latido.h"
  13:../8led.c     **** 
  14:../8led.c     **** /*--- variables globales del módulo ---*/
  15:../8led.c     **** int blink=0;
  16:../8led.c     **** int blink_number=blank;
  17:../8led.c     **** /* tabla de segmentos */
  18:../8led.c     **** static int
  19:../8led.c     **** Symbol[size_8led] = { cero, uno, dos, tres, cuatro, cinco, seis, siete, ocho, nueve, A, B, C, D, E,
  20:../8led.c     **** 
  21:../8led.c     **** /*--- código de las funciones ---*/
  22:../8led.c     **** void D8Led_init(void)
  23:../8led.c     **** {
 1919              		.loc 1 23 0
 1920              		.cfi_startproc
 1921              		@ Function supports interworking.
 1922              		@ args = 0, pretend = 0, frame = 0
 1923              		@ frame_needed = 1, uses_anonymous_args = 0
 1924 0000 0DC0A0E1 		mov	ip, sp
 1925              	.LCFI0:
 1926              		.cfi_def_cfa_register 12
 1927 0004 00D82DE9 		stmfd	sp!, {fp, ip, lr, pc}
 1928 0008 04B04CE2 		sub	fp, ip, #4
 1929              		.cfi_offset 14, -8
 1930              		.cfi_offset 13, -12
 1931              		.cfi_offset 11, -16
 1932              	.LCFI1:
 1933              		.cfi_def_cfa 11, 4
  24:../8led.c     **** #ifndef EMU
  25:../8led.c     **** 	/* Estado inicial del display con todos los segmentos iluminados
  26:../8led.c     **** 	   (buscar en los ficheros de cabecera la direccion implicada) */
  27:../8led.c     **** 	LED8ADDR = (unsigned char) cero;
 1934              		.loc 1 27 0
 1935 000c 8537A0E3 		mov	r3, #34865152
 1936 0010 1220A0E3 		mov	r2, #18
 1937 0014 0020C3E5 		strb	r2, [r3, #0]
  28:../8led.c     **** #endif
  29:../8led.c     **** }
 1938              		.loc 1 29 0
 1939 0018 0CD04BE2 		sub	sp, fp, #12
 1940 001c 00689DE8 		ldmfd	sp, {fp, sp, lr}
 1941 0020 1EFF2FE1 		bx	lr
 1942              		.cfi_endproc
 1943              	.LFE0:
 1945              		.align	2
 1946              		.global	D8Led_symbol
 1948              	D8Led_symbol:
 1949              	.LFB1:
  30:../8led.c     **** 
  31:../8led.c     **** void D8Led_symbol(int value)
  32:../8led.c     **** {
 1950              		.loc 1 32 0
 1951              		.cfi_startproc
 1952              		@ Function supports interworking.
 1953              		@ args = 0, pretend = 0, frame = 8
 1954              		@ frame_needed = 1, uses_anonymous_args = 0
 1955 0024 0DC0A0E1 		mov	ip, sp
 1956              	.LCFI2:
 1957              		.cfi_def_cfa_register 12
 1958 0028 00D82DE9 		stmfd	sp!, {fp, ip, lr, pc}
 1959 002c 04B04CE2 		sub	fp, ip, #4
 1960              		.cfi_offset 14, -8
 1961              		.cfi_offset 13, -12
 1962              		.cfi_offset 11, -16
 1963              	.LCFI3:
 1964              		.cfi_def_cfa 11, 4
 1965 0030 08D04DE2 		sub	sp, sp, #8
 1966 0034 10000BE5 		str	r0, [fp, #-16]
  33:../8led.c     **** #ifndef EMU
  34:../8led.c     **** 	/* muestra el Symbol[value] en el display (analogo al caso anterior) */
  35:../8led.c     **** 	if ((value >= 0) && (value < size_8led)) {
 1967              		.loc 1 35 0
 1968 0038 10301BE5 		ldr	r3, [fp, #-16]
 1969 003c 000053E3 		cmp	r3, #0
 1970 0040 080000BA 		blt	.L2
 1971              		.loc 1 35 0 is_stmt 0 discriminator 1
 1972 0044 10301BE5 		ldr	r3, [fp, #-16]
 1973 0048 100053E3 		cmp	r3, #16
 1974 004c 050000CA 		bgt	.L2
  36:../8led.c     **** 		LED8ADDR = (unsigned char) Symbol[value];
 1975              		.loc 1 36 0 is_stmt 1
 1976 0050 8537A0E3 		mov	r3, #34865152
 1977 0054 18209FE5 		ldr	r2, .L4
 1978 0058 10101BE5 		ldr	r1, [fp, #-16]
 1979 005c 012192E7 		ldr	r2, [r2, r1, asl #2]
 1980 0060 FF2002E2 		and	r2, r2, #255
 1981 0064 0020C3E5 		strb	r2, [r3, #0]
 1982              	.L2:
  37:../8led.c     **** 	}
  38:../8led.c     **** #endif
  39:../8led.c     **** }
 1983              		.loc 1 39 0
 1984 0068 0CD04BE2 		sub	sp, fp, #12
 1985 006c 00689DE8 		ldmfd	sp, {fp, sp, lr}
 1986 0070 1EFF2FE1 		bx	lr
 1987              	.L5:
 1988              		.align	2
 1989              	.L4:
 1990 0074 04000000 		.word	Symbol
 1991              		.cfi_endproc
 1992              	.LFE1:
 1994              		.align	2
 1995              		.global	timer_callback
 1997              	timer_callback:
 1998              	.LFB2:
  40:../8led.c     **** 
  41:../8led.c     **** void timer_callback()
  42:../8led.c     **** {
 1999              		.loc 1 42 0
 2000              		.cfi_startproc
 2001              		@ Function supports interworking.
 2002              		@ args = 0, pretend = 0, frame = 0
 2003              		@ frame_needed = 1, uses_anonymous_args = 0
 2004 0078 0DC0A0E1 		mov	ip, sp
 2005              	.LCFI4:
 2006              		.cfi_def_cfa_register 12
 2007 007c 00D82DE9 		stmfd	sp!, {fp, ip, lr, pc}
 2008 0080 04B04CE2 		sub	fp, ip, #4
 2009              		.cfi_offset 14, -8
 2010              		.cfi_offset 13, -12
 2011              		.cfi_offset 11, -16
 2012              	.LCFI5:
 2013              		.cfi_def_cfa 11, 4
  43:../8led.c     **** 	if(blink){
 2014              		.loc 1 43 0
 2015 0084 58309FE5 		ldr	r3, .L9
 2016 0088 003093E5 		ldr	r3, [r3, #0]
 2017 008c 000053E3 		cmp	r3, #0
 2018 0090 0700000A 		beq	.L7
  44:../8led.c     **** 		D8Led_symbol(blink_number);
 2019              		.loc 1 44 0
 2020 0094 4C309FE5 		ldr	r3, .L9+4
 2021 0098 003093E5 		ldr	r3, [r3, #0]
 2022 009c 0300A0E1 		mov	r0, r3
 2023 00a0 FEFFFFEB 		bl	D8Led_symbol
  45:../8led.c     **** 		blink=0;
 2024              		.loc 1 45 0
 2025 00a4 38309FE5 		ldr	r3, .L9
 2026 00a8 0020A0E3 		mov	r2, #0
 2027 00ac 002083E5 		str	r2, [r3, #0]
 2028 00b0 040000EA 		b	.L8
 2029              	.L7:
  46:../8led.c     **** 	}else{
  47:../8led.c     **** 		D8Led_symbol(16);
 2030              		.loc 1 47 0
 2031 00b4 1000A0E3 		mov	r0, #16
 2032 00b8 FEFFFFEB 		bl	D8Led_symbol
  48:../8led.c     **** 		blink=1;
 2033              		.loc 1 48 0
 2034 00bc 20309FE5 		ldr	r3, .L9
 2035 00c0 0120A0E3 		mov	r2, #1
 2036 00c4 002083E5 		str	r2, [r3, #0]
 2037              	.L8:
  49:../8led.c     **** 	}
  50:../8led.c     **** 	D8Led_blink(blink_number);
 2038              		.loc 1 50 0
 2039 00c8 18309FE5 		ldr	r3, .L9+4
 2040 00cc 003093E5 		ldr	r3, [r3, #0]
 2041 00d0 0300A0E1 		mov	r0, r3
 2042 00d4 FEFFFFEB 		bl	D8Led_blink
  51:../8led.c     **** }
 2043              		.loc 1 51 0
 2044 00d8 0CD04BE2 		sub	sp, fp, #12
 2045 00dc 00689DE8 		ldmfd	sp, {fp, sp, lr}
 2046 00e0 1EFF2FE1 		bx	lr
 2047              	.L10:
 2048              		.align	2
 2049              	.L9:
 2050 00e4 00000000 		.word	blink
 2051 00e8 00000000 		.word	blink_number
 2052              		.cfi_endproc
 2053              	.LFE2:
 2055              		.align	2
 2056              		.global	D8Led_blink
 2058              	D8Led_blink:
 2059              	.LFB3:
  52:../8led.c     **** 
  53:../8led.c     **** void D8Led_blink(int value)
  54:../8led.c     **** {
 2060              		.loc 1 54 0
 2061              		.cfi_startproc
 2062              		@ Function supports interworking.
 2063              		@ args = 0, pretend = 0, frame = 8
 2064              		@ frame_needed = 1, uses_anonymous_args = 0
 2065 00ec 0DC0A0E1 		mov	ip, sp
 2066              	.LCFI6:
 2067              		.cfi_def_cfa_register 12
 2068 00f0 00D82DE9 		stmfd	sp!, {fp, ip, lr, pc}
 2069 00f4 04B04CE2 		sub	fp, ip, #4
 2070              		.cfi_offset 14, -8
 2071              		.cfi_offset 13, -12
 2072              		.cfi_offset 11, -16
 2073              	.LCFI7:
 2074              		.cfi_def_cfa 11, 4
 2075 00f8 08D04DE2 		sub	sp, sp, #8
 2076 00fc 10000BE5 		str	r0, [fp, #-16]
  55:../8led.c     **** #ifndef EMU
  56:../8led.c     **** 	blink_number=value;
 2077              		.loc 1 56 0
 2078 0100 3C309FE5 		ldr	r3, .L14
 2079 0104 10201BE5 		ldr	r2, [fp, #-16]
 2080 0108 002083E5 		str	r2, [r3, #0]
  57:../8led.c     **** 	if(blink){
 2081              		.loc 1 57 0
 2082 010c 34309FE5 		ldr	r3, .L14+4
 2083 0110 003093E5 		ldr	r3, [r3, #0]
 2084 0114 000053E3 		cmp	r3, #0
 2085 0118 0300000A 		beq	.L12
 2086              	.LBB2:
  58:../8led.c     **** 		//Estoy mostrando el 8 led apagado, lo dejo menos tiempo
  59:../8led.c     **** 		espera_ticks(5,timer_callback);
 2087              		.loc 1 59 0
 2088 011c 0500A0E3 		mov	r0, #5
 2089 0120 24109FE5 		ldr	r1, .L14+8
 2090 0124 FEFFFFEB 		bl	espera_ticks
 2091 0128 020000EA 		b	.L11
 2092              	.L12:
 2093              	.LBE2:
 2094              	.LBB3:
  60:../8led.c     **** 	}else{
  61:../8led.c     **** 		// Estoy mostrando el numero en el 8 led,  lo dejo mas tiempo
  62:../8led.c     **** 		espera_ticks(25,timer_callback);
 2095              		.loc 1 62 0
 2096 012c 1900A0E3 		mov	r0, #25
 2097 0130 14109FE5 		ldr	r1, .L14+8
 2098 0134 FEFFFFEB 		bl	espera_ticks
 2099              	.L11:
 2100              	.LBE3:
  63:../8led.c     **** 	}
  64:../8led.c     **** 
  65:../8led.c     **** #endif
  66:../8led.c     **** }
 2101              		.loc 1 66 0
 2102 0138 0CD04BE2 		sub	sp, fp, #12
 2103 013c 00689DE8 		ldmfd	sp, {fp, sp, lr}
 2104 0140 1EFF2FE1 		bx	lr
 2105              	.L15:
 2106              		.align	2
 2107              	.L14:
 2108 0144 00000000 		.word	blink_number
 2109 0148 00000000 		.word	blink
 2110 014c 00000000 		.word	timer_callback
 2111              		.cfi_endproc
 2112              	.LFE3:
 2114              	.Letext0:
DEFINED SYMBOLS
                            *ABS*:00000000 8led.c
C:\Users\Ivo\AppData\Local\Temp\ccVBuYJg.s:1883   .bss:00000000 blink
C:\Users\Ivo\AppData\Local\Temp\ccVBuYJg.s:1880   .bss:00000000 $d
C:\Users\Ivo\AppData\Local\Temp\ccVBuYJg.s:1890   .data:00000000 blink_number
C:\Users\Ivo\AppData\Local\Temp\ccVBuYJg.s:1887   .data:00000000 $d
C:\Users\Ivo\AppData\Local\Temp\ccVBuYJg.s:1895   .data:00000004 Symbol
C:\Users\Ivo\AppData\Local\Temp\ccVBuYJg.s:1914   .text:00000000 $a
C:\Users\Ivo\AppData\Local\Temp\ccVBuYJg.s:1917   .text:00000000 D8Led_init
C:\Users\Ivo\AppData\Local\Temp\ccVBuYJg.s:1948   .text:00000024 D8Led_symbol
C:\Users\Ivo\AppData\Local\Temp\ccVBuYJg.s:1990   .text:00000074 $d
C:\Users\Ivo\AppData\Local\Temp\ccVBuYJg.s:1994   .text:00000078 $a
C:\Users\Ivo\AppData\Local\Temp\ccVBuYJg.s:1997   .text:00000078 timer_callback
C:\Users\Ivo\AppData\Local\Temp\ccVBuYJg.s:2058   .text:000000ec D8Led_blink
C:\Users\Ivo\AppData\Local\Temp\ccVBuYJg.s:2050   .text:000000e4 $d
C:\Users\Ivo\AppData\Local\Temp\ccVBuYJg.s:2055   .text:000000ec $a
C:\Users\Ivo\AppData\Local\Temp\ccVBuYJg.s:2108   .text:00000144 $d
                     .debug_frame:00000010 $d

UNDEFINED SYMBOLS
espera_ticks
