Archive member included because of file (symbol)

d:/ph/eclipsearm/sourcery-g++-lite-arm-2011.03/bin/../lib/gcc/arm-none-eabi/4.5.2\libgcc.a(_divsi3.o)
                              ./common/44blib.o (__aeabi_idiv)
d:/ph/eclipsearm/sourcery-g++-lite-arm-2011.03/bin/../lib/gcc/arm-none-eabi/4.5.2\libgcc.a(_dvmd_tls.o)
                              d:/ph/eclipsearm/sourcery-g++-lite-arm-2011.03/bin/../lib/gcc/arm-none-eabi/4.5.2\libgcc.a(_divsi3.o) (__aeabi_idiv0)
d:/ph/eclipsearm/sourcery-g++-lite-arm-2011.03/bin/../lib/gcc/arm-none-eabi/4.5.2\libgcc.a(_arm_addsubdf3.o)
                              ./timer2.o (__aeabi_dadd)
d:/ph/eclipsearm/sourcery-g++-lite-arm-2011.03/bin/../lib/gcc/arm-none-eabi/4.5.2\libgcc.a(_arm_muldivdf3.o)
                              ./timer2.o (__aeabi_dmul)
d:/ph/eclipsearm/sourcery-g++-lite-arm-2011.03/bin/../lib/gcc/arm-none-eabi/4.5.2\libgcc.a(_arm_fixunsdfsi.o)
                              ./timer2.o (__aeabi_d2uiz)

Allocating common symbols
Common symbol       size              file

fileSize            0x4               ./common/44blib.o
excErr              0xc               ./main.o
funcion_callback    0x4               ./button.o
time                0x4               ./main.o
timer2_num_int      0x4               ./timer2.o
downPt              0x4               ./common/44blib.o

Memory Configuration

Name             Origin             Length             Attributes
*default*        0x00000000         0xffffffff

Linker script and memory map

LOAD ./common/44binit.o
LOAD ./common/44blib.o
LOAD ./8led.o
LOAD ./arm_functions.o
LOAD ./botones_antirebotes.o
LOAD ./button.o
LOAD ./latido.o
LOAD ./led.o
LOAD ./main.o
LOAD ./reversi8_2018.o
LOAD ./timer.o
LOAD ./timer2.o
START GROUP
LOAD d:/ph/eclipsearm/sourcery-g++-lite-arm-2011.03/bin/../lib/gcc/arm-none-eabi/4.5.2\libgcc.a
LOAD d:/ph/eclipsearm/sourcery-g++-lite-arm-2011.03/bin/../lib/gcc/arm-none-eabi/4.5.2/../../../../arm-none-eabi/lib\libc.a
END GROUP
                0x0c000000                . = 0xc000000
                0x0c000000                Image_RO_Base = .

.text           0x0c000000     0x44d8
 *(.text)
 .text          0x0c000000      0x70c ./common/44binit.o
 .text          0x0c00070c      0x46c ./common/44blib.o
                0x0c00070c                Delay
                0x0c000844                DelayMs
                0x0c0008a8                Port_Init
                0x0c000a38                malloc
                0x0c000ad8                free
                0x0c000b08                sys_init
 .text          0x0c000b78      0x150 ./8led.o
                0x0c000b78                D8Led_init
                0x0c000b9c                D8Led_symbol
                0x0c000bf0                timer_callback
                0x0c000c64                D8Led_blink
 .text          0x0c000cc8      0x198 ./arm_functions.o
                0x0c000cc8                patron_volteo_arm_c
                0x0c000d60                patron_volteo_arm_arm
                0x0c000df8                ficha_valida_arm
 .text          0x0c000e60      0x2f4 ./botones_antirebotes.o
                0x0c000e60                callback_antirebotes
                0x0c000f50                callback_espera
                0x0c001024                inicio_antirebotes
                0x0c00104c                incrementa
                0x0c0010d4                get_elegido
                0x0c00112c                get_estado_boton
 .text          0x0c001154      0x1f8 ./button.o
                0x0c001154                Eint4567_ISR
                0x0c0011cc                button_iniciar
                0x0c001284                button_empezar
                0x0c0012f0                button_estado
 .text          0x0c00134c      0x290 ./latido.o
                0x0c00134c                latido_ISR
                0x0c001498                latido_inicializar
                0x0c001588                espera_ticks
 .text          0x0c0015dc      0x23c ./led.o
                0x0c0015dc                leds_on
                0x0c0015fc                leds_off
                0x0c00161c                led1_on
                0x0c00165c                led1_off
                0x0c00169c                led2_on
                0x0c0016dc                led2_off
                0x0c00171c                leds_switch
                0x0c00175c                Led_Display
 .text          0x0c001818      0x320 ./main.o
                0x0c001818                test_timer2
                0x0c001920                push_debug
                0x0c001a68                Main
                0x0c001ab0                reversi_main
 .text          0x0c001b38     0x1b88 ./reversi8_2018.o
                0x0c001b38                init_table
                0x0c001d4c                esperar_mov
                0x0c001d8c                ficha_valida
                0x0c001e40                patron_volteo
                0x0c001f54                patron_volteo_test
                0x0c0020cc                voltear
                0x0c00215c                actualizar_tablero
                0x0c0022d8                elegir_mov
                0x0c002584                contar
                0x0c002680                actualizar_candidatas
                0x0c0029d8                init_test
                0x0c002f30                reversi8
 .text          0x0c0036c0      0x108 ./timer.o
                0x0c0036c0                timer_ISR
                0x0c003708                timer_init
 .text          0x0c0037c8      0x2b8 ./timer2.o
                0x0c0037c8                timer2_ISR
                0x0c003818                timer2_inicializar
                0x0c0038e8                timer2_empezar
                0x0c003938                timer2_leer
                0x0c003a44                timer2_parar
 .text          0x0c003a80      0x148 d:/ph/eclipsearm/sourcery-g++-lite-arm-2011.03/bin/../lib/gcc/arm-none-eabi/4.5.2\libgcc.a(_divsi3.o)
                0x0c003a80                __divsi3
                0x0c003a80                __aeabi_idiv
                0x0c003ba8                __aeabi_idivmod
 .text          0x0c003bc8        0x4 d:/ph/eclipsearm/sourcery-g++-lite-arm-2011.03/bin/../lib/gcc/arm-none-eabi/4.5.2\libgcc.a(_dvmd_tls.o)
                0x0c003bc8                __aeabi_idiv0
                0x0c003bc8                __aeabi_ldiv0
 .text          0x0c003bcc      0x41c d:/ph/eclipsearm/sourcery-g++-lite-arm-2011.03/bin/../lib/gcc/arm-none-eabi/4.5.2\libgcc.a(_arm_addsubdf3.o)
                0x0c003bcc                __aeabi_drsub
                0x0c003bd4                __aeabi_dsub
                0x0c003bd4                __subdf3
                0x0c003bd8                __aeabi_dadd
                0x0c003bd8                __adddf3
                0x0c003ee8                __floatunsidf
                0x0c003ee8                __aeabi_ui2d
                0x0c003f0c                __floatsidf
                0x0c003f0c                __aeabi_i2d
                0x0c003f34                __aeabi_f2d
                0x0c003f34                __extendsfdf2
                0x0c003f74                __floatundidf
                0x0c003f74                __aeabi_ul2d
                0x0c003f88                __floatdidf
                0x0c003f88                __aeabi_l2d
 .text          0x0c003fe8      0x49c d:/ph/eclipsearm/sourcery-g++-lite-arm-2011.03/bin/../lib/gcc/arm-none-eabi/4.5.2\libgcc.a(_arm_muldivdf3.o)
                0x0c003fe8                __aeabi_dmul
                0x0c003fe8                __muldf3
                0x0c004278                __divdf3
                0x0c004278                __aeabi_ddiv
 .text          0x0c004484       0x54 d:/ph/eclipsearm/sourcery-g++-lite-arm-2011.03/bin/../lib/gcc/arm-none-eabi/4.5.2\libgcc.a(_arm_fixunsdfsi.o)
                0x0c004484                __aeabi_d2uiz
                0x0c004484                __fixunsdfsi

.glue_7         0x0c0044d8        0x0
 .glue_7        0x00000000        0x0 linker stubs

.glue_7t        0x0c0044d8        0x0
 .glue_7t       0x00000000        0x0 linker stubs

.vfp11_veneer   0x0c0044d8        0x0
 .vfp11_veneer  0x00000000        0x0 linker stubs

.v4_bx          0x0c0044d8        0x0
 .v4_bx         0x00000000        0x0 linker stubs
                0x0c0044d8                . = ALIGN (0x4)
                0x0c0044d8                Image_RO_Limit = .
                0x0c0044d8                Image_RW_Base = .

.data           0x0c0044d8       0x78
 *(.data)
 .data          0x0c0044d8        0x6 ./common/44binit.o
                0x0c0044d8                BDRAMTYPE
 *fill*         0x0c0044de        0x2 00
 .data          0x0c0044e0        0xc ./common/44blib.o
                0x0c0044e0                mallocPt
                0x0c0044e4                run
 .data          0x0c0044ec       0x48 ./8led.o
                0x0c0044ec                blink_number
 .data          0x0c004534        0x0 ./arm_functions.o
 .data          0x0c004534        0xc ./botones_antirebotes.o
                0x0c004534                trp
                0x0c004538                trd
                0x0c00453c                elegido
 .data          0x0c004540        0x0 ./button.o
 .data          0x0c004540        0x4 ./latido.o
                0x0c004540                espera
 .data          0x0c004544        0x0 ./led.o
 .data          0x0c004544        0xc ./main.o
                0x0c004544                rINI
                0x0c004548                rFIN
                0x0c00454c                SPD
 .data          0x0c004550        0x0 ./reversi8_2018.o
 .data          0x0c004550        0x0 ./timer.o
 .data          0x0c004550        0x0 ./timer2.o
 .data          0x0c004550        0x0 d:/ph/eclipsearm/sourcery-g++-lite-arm-2011.03/bin/../lib/gcc/arm-none-eabi/4.5.2\libgcc.a(_divsi3.o)
 .data          0x0c004550        0x0 d:/ph/eclipsearm/sourcery-g++-lite-arm-2011.03/bin/../lib/gcc/arm-none-eabi/4.5.2\libgcc.a(_dvmd_tls.o)
 .data          0x0c004550        0x0 d:/ph/eclipsearm/sourcery-g++-lite-arm-2011.03/bin/../lib/gcc/arm-none-eabi/4.5.2\libgcc.a(_arm_addsubdf3.o)
 .data          0x0c004550        0x0 d:/ph/eclipsearm/sourcery-g++-lite-arm-2011.03/bin/../lib/gcc/arm-none-eabi/4.5.2\libgcc.a(_arm_muldivdf3.o)
 .data          0x0c004550        0x0 d:/ph/eclipsearm/sourcery-g++-lite-arm-2011.03/bin/../lib/gcc/arm-none-eabi/4.5.2\libgcc.a(_arm_fixunsdfsi.o)

.rodata         0x0c004550       0x58
 *(.rodata)
 .rodata        0x0c004550       0x58 ./reversi8_2018.o
                0x0c004550                NO
                0x0c004551                SI
                0x0c004552                CASILLA_OCUPADA
                0x0c004598                vSF
                0x0c0045a0                vSC
                0x0c0045a8                Image_RW_Limit = .
                0x0c0045a8                . = ALIGN (0x4)
                0x0c0045a8                Image_ZI_Base = .

.bss            0x0c0045a8       0xa4
 *(.bss)
 .bss           0x0c0045a8        0x0 ./common/44binit.o
 .bss           0x0c0045a8        0x4 ./common/44blib.o
                0x0c0045a8                restart
 .bss           0x0c0045ac        0x4 ./8led.o
                0x0c0045ac                blink
 .bss           0x0c0045b0        0x0 ./arm_functions.o
 .bss           0x0c0045b0       0x10 ./botones_antirebotes.o
                0x0c0045b4                boton_pulsado_antirebotes
                0x0c0045b5                maquina
                0x0c0045b8                trp_realizado
                0x0c0045bc                trd_realizado
 .bss           0x0c0045c0        0x8 ./button.o
                0x0c0045c4                boton_pulsado
 .bss           0x0c0045c8       0x10 ./latido.o
                0x0c0045c8                switch_leds_l
                0x0c0045cc                n_interrupt
                0x0c0045d0                en_espera
                0x0c0045d4                cuenta_espera
 .bss           0x0c0045d8        0x4 ./led.o
 .bss           0x0c0045dc        0x1 ./main.o
                0x0c0045dc                estado_main
 *fill*         0x0c0045dd        0x3 00
 .bss           0x0c0045e0       0x48 ./reversi8_2018.o
                0x0c0045e0                tablero
                0x0c004620                fila
                0x0c004621                columna
                0x0c004622                ready
 .bss           0x0c004628        0x4 ./timer.o
                0x0c004628                switch_leds
 .bss           0x0c00462c        0x0 ./timer2.o
 .bss           0x0c00462c        0x0 d:/ph/eclipsearm/sourcery-g++-lite-arm-2011.03/bin/../lib/gcc/arm-none-eabi/4.5.2\libgcc.a(_divsi3.o)
 .bss           0x0c00462c        0x0 d:/ph/eclipsearm/sourcery-g++-lite-arm-2011.03/bin/../lib/gcc/arm-none-eabi/4.5.2\libgcc.a(_dvmd_tls.o)
 .bss           0x0c00462c        0x0 d:/ph/eclipsearm/sourcery-g++-lite-arm-2011.03/bin/../lib/gcc/arm-none-eabi/4.5.2\libgcc.a(_arm_addsubdf3.o)
 .bss           0x0c00462c        0x0 d:/ph/eclipsearm/sourcery-g++-lite-arm-2011.03/bin/../lib/gcc/arm-none-eabi/4.5.2\libgcc.a(_arm_muldivdf3.o)
 .bss           0x0c00462c        0x0 d:/ph/eclipsearm/sourcery-g++-lite-arm-2011.03/bin/../lib/gcc/arm-none-eabi/4.5.2\libgcc.a(_arm_fixunsdfsi.o)
 COMMON         0x0c00462c        0x8 ./common/44blib.o
                0x0c00462c                fileSize
                0x0c004630                downPt
 COMMON         0x0c004634        0x0 ./botones_antirebotes.o
 COMMON         0x0c004634        0x4 ./button.o
                0x0c004634                funcion_callback
 COMMON         0x0c004638       0x10 ./main.o
                0x0c004638                excErr
                0x0c004644                time
 COMMON         0x0c004648        0x4 ./timer2.o
                0x0c004648                timer2_num_int
                0x0c00464c                Image_ZI_Limit = .
                0x0c00464c                __bss_start__ = .
                0x0c00464c                __bss_end__ = .
                0x0c00464c                __EH_FRAME_BEGIN__ = .
                0x0c00464c                __EH_FRAME_END__ = .
                0x0c00464c                PROVIDE (__stack, .)
                0x0c00464c                end = .
                0x0c00464c                _end = .

.ARM.attributes
                0x00000000       0x2e
 .ARM.attributes
                0x00000000       0x22 ./common/44binit.o
 .ARM.attributes
                0x00000022       0x32 ./common/44blib.o
 .ARM.attributes
                0x00000054       0x32 ./8led.o
 .ARM.attributes
                0x00000086       0x22 ./arm_functions.o
 .ARM.attributes
                0x000000a8       0x32 ./botones_antirebotes.o
 .ARM.attributes
                0x000000da       0x32 ./button.o
 .ARM.attributes
                0x0000010c       0x32 ./latido.o
 .ARM.attributes
                0x0000013e       0x32 ./led.o
 .ARM.attributes
                0x00000170       0x32 ./main.o
 .ARM.attributes
                0x000001a2       0x32 ./reversi8_2018.o
 .ARM.attributes
                0x000001d4       0x32 ./timer.o
 .ARM.attributes
                0x00000206       0x32 ./timer2.o
 .ARM.attributes
                0x00000238       0x1a d:/ph/eclipsearm/sourcery-g++-lite-arm-2011.03/bin/../lib/gcc/arm-none-eabi/4.5.2\libgcc.a(_divsi3.o)
 .ARM.attributes
                0x00000252       0x18 d:/ph/eclipsearm/sourcery-g++-lite-arm-2011.03/bin/../lib/gcc/arm-none-eabi/4.5.2\libgcc.a(_dvmd_tls.o)
 .ARM.attributes
                0x0000026a       0x1a d:/ph/eclipsearm/sourcery-g++-lite-arm-2011.03/bin/../lib/gcc/arm-none-eabi/4.5.2\libgcc.a(_arm_addsubdf3.o)
 .ARM.attributes
                0x00000284       0x1a d:/ph/eclipsearm/sourcery-g++-lite-arm-2011.03/bin/../lib/gcc/arm-none-eabi/4.5.2\libgcc.a(_arm_muldivdf3.o)
 .ARM.attributes
                0x0000029e       0x1a d:/ph/eclipsearm/sourcery-g++-lite-arm-2011.03/bin/../lib/gcc/arm-none-eabi/4.5.2\libgcc.a(_arm_fixunsdfsi.o)

.comment        0x00000000       0x2a
 .comment       0x00000000       0x2a ./common/44blib.o
                                 0x2b (size before relaxing)
 .comment       0x00000000       0x2b ./8led.o
 .comment       0x00000000       0x2b ./botones_antirebotes.o
 .comment       0x00000000       0x2b ./button.o
 .comment       0x00000000       0x2b ./latido.o
 .comment       0x00000000       0x2b ./led.o
 .comment       0x00000000       0x2b ./main.o
 .comment       0x00000000       0x2b ./reversi8_2018.o
 .comment       0x00000000       0x2b ./timer.o
 .comment       0x00000000       0x2b ./timer2.o

.debug_info     0x00000000     0x16e7
 *(.debug_info)
 .debug_info    0x00000000       0x61 ./common/44binit.o
 .debug_info    0x00000061      0x229 ./common/44blib.o
 .debug_info    0x0000028a      0x1bd ./8led.o
 .debug_info    0x00000447       0x60 ./arm_functions.o
 .debug_info    0x000004a7      0x226 ./botones_antirebotes.o
 .debug_info    0x000006cd      0x116 ./button.o
 .debug_info    0x000007e3      0x1f6 ./latido.o
 .debug_info    0x000009d9       0xf6 ./led.o
 .debug_info    0x00000acf      0x279 ./main.o
 .debug_info    0x00000d48      0x860 ./reversi8_2018.o
 .debug_info    0x000015a8       0x7a ./timer.o
 .debug_info    0x00001622       0xc5 ./timer2.o

.debug_line     0x00000000      0xdaf
 *(.debug_line)
 .debug_line    0x00000000      0x10f ./common/44binit.o
 .debug_line    0x0000010f      0x37b ./common/44blib.o
 .debug_line    0x0000048a       0xa5 ./8led.o
 .debug_line    0x0000052f       0xad ./arm_functions.o
 .debug_line    0x000005dc       0xce ./botones_antirebotes.o
 .debug_line    0x000006aa       0xc3 ./button.o
 .debug_line    0x0000076d       0xbd ./latido.o
 .debug_line    0x0000082a       0xaa ./led.o
 .debug_line    0x000008d4      0x13e ./main.o
 .debug_line    0x00000a12      0x253 ./reversi8_2018.o
 .debug_line    0x00000c65       0x9b ./timer.o
 .debug_line    0x00000d00       0xaf ./timer2.o

.debug_abbrev   0x00000000      0x903
 *(.debug_abbrev)
 .debug_abbrev  0x00000000       0x14 ./common/44binit.o
 .debug_abbrev  0x00000014      0x11f ./common/44blib.o
 .debug_abbrev  0x00000133      0x106 ./8led.o
 .debug_abbrev  0x00000239       0x14 ./arm_functions.o
 .debug_abbrev  0x0000024d       0xff ./botones_antirebotes.o
 .debug_abbrev  0x0000034c       0xe0 ./button.o
 .debug_abbrev  0x0000042c       0xcb ./latido.o
 .debug_abbrev  0x000004f7       0x69 ./led.o
 .debug_abbrev  0x00000560      0x11b ./main.o
 .debug_abbrev  0x0000067b      0x1a5 ./reversi8_2018.o
 .debug_abbrev  0x00000820       0x58 ./timer.o
 .debug_abbrev  0x00000878       0x8b ./timer2.o

.debug_frame    0x00000000      0x7cc
 *(.debug_frame)
 .debug_frame   0x00000000       0xd0 ./common/44blib.o
 .debug_frame   0x000000d0       0x90 ./8led.o
 .debug_frame   0x00000160       0xd0 ./botones_antirebotes.o
 .debug_frame   0x00000230       0x9c ./button.o
 .debug_frame   0x000002cc       0x7c ./latido.o
 .debug_frame   0x00000348      0x110 ./led.o
 .debug_frame   0x00000458       0x90 ./main.o
 .debug_frame   0x000004e8      0x1a8 ./reversi8_2018.o
 .debug_frame   0x00000690       0x58 ./timer.o
 .debug_frame   0x000006e8       0xc4 ./timer2.o
 .debug_frame   0x000007ac       0x20 d:/ph/eclipsearm/sourcery-g++-lite-arm-2011.03/bin/../lib/gcc/arm-none-eabi/4.5.2\libgcc.a(_divsi3.o)
OUTPUT(PH_01_Placa.elf elf32-littlearm)

.debug_aranges  0x00000000      0x180
 .debug_aranges
                0x00000000       0x20 ./common/44binit.o
 .debug_aranges
                0x00000020       0x20 ./common/44blib.o
 .debug_aranges
                0x00000040       0x20 ./8led.o
 .debug_aranges
                0x00000060       0x20 ./arm_functions.o
 .debug_aranges
                0x00000080       0x20 ./botones_antirebotes.o
 .debug_aranges
                0x000000a0       0x20 ./button.o
 .debug_aranges
                0x000000c0       0x20 ./latido.o
 .debug_aranges
                0x000000e0       0x20 ./led.o
 .debug_aranges
                0x00000100       0x20 ./main.o
 .debug_aranges
                0x00000120       0x20 ./reversi8_2018.o
 .debug_aranges
                0x00000140       0x20 ./timer.o
 .debug_aranges
                0x00000160       0x20 ./timer2.o

.debug_macinfo  0x00000000    0x2fc39
 .debug_macinfo
                0x00000000     0x8301 ./common/44blib.o
 .debug_macinfo
                0x00008301     0x50b0 ./8led.o
 .debug_macinfo
                0x0000d3b1     0x214d ./botones_antirebotes.o
 .debug_macinfo
                0x0000f4fe     0x5246 ./button.o
 .debug_macinfo
                0x00014744     0x50b2 ./latido.o
 .debug_macinfo
                0x000197f6     0x50af ./led.o
 .debug_macinfo
                0x0001e8a5     0x5123 ./main.o
 .debug_macinfo
                0x000239c8     0x210e ./reversi8_2018.o
 .debug_macinfo
                0x00025ad6     0x50b1 ./timer.o
 .debug_macinfo
                0x0002ab87     0x50b2 ./timer2.o

.debug_loc      0x00000000      0x948
 .debug_loc     0x00000000      0x108 ./common/44blib.o
 .debug_loc     0x00000108       0xb0 ./8led.o
 .debug_loc     0x000001b8      0x108 ./botones_antirebotes.o
 .debug_loc     0x000002c0       0xb0 ./button.o
 .debug_loc     0x00000370       0x84 ./latido.o
 .debug_loc     0x000003f4      0x160 ./led.o
 .debug_loc     0x00000554       0xb0 ./main.o
 .debug_loc     0x00000604      0x210 ./reversi8_2018.o
 .debug_loc     0x00000814       0x58 ./timer.o
 .debug_loc     0x0000086c       0xdc ./timer2.o

.debug_pubnames
                0x00000000      0x653
 .debug_pubnames
                0x00000000       0x90 ./common/44blib.o
 .debug_pubnames
                0x00000090       0x70 ./8led.o
 .debug_pubnames
                0x00000100      0x106 ./botones_antirebotes.o
 .debug_pubnames
                0x00000206       0x82 ./button.o
 .debug_pubnames
                0x00000288       0xab ./latido.o
 .debug_pubnames
                0x00000333       0x7d ./led.o
 .debug_pubnames
                0x000003b0       0xab ./main.o
 .debug_pubnames
                0x0000045b      0x13a ./reversi8_2018.o
 .debug_pubnames
                0x00000595       0x3f ./timer.o
 .debug_pubnames
                0x000005d4       0x7f ./timer2.o

.debug_pubtypes
                0x00000000       0x9f
 .debug_pubtypes
                0x00000000       0x12 ./common/44blib.o
 .debug_pubtypes
                0x00000012       0x43 ./botones_antirebotes.o
 .debug_pubtypes
                0x00000055       0x24 ./button.o
 .debug_pubtypes
                0x00000079       0x26 ./main.o

.debug_str      0x00000000      0x7b1
 .debug_str     0x00000000      0x11b ./common/44blib.o
                                0x159 (size before relaxing)
 .debug_str     0x0000011b       0xa1 ./8led.o
                                 0xe2 (size before relaxing)
 .debug_str     0x000001bc      0x148 ./botones_antirebotes.o
                                0x18b (size before relaxing)
 .debug_str     0x00000304       0x64 ./button.o
                                 0xe0 (size before relaxing)
 .debug_str     0x00000368       0x5f ./latido.o
                                 0xe3 (size before relaxing)
 .debug_str     0x000003c7       0x57 ./led.o
                                 0x96 (size before relaxing)
 .debug_str     0x0000041e      0x124 ./main.o
                                0x192 (size before relaxing)
 .debug_str     0x00000542      0x1ee ./reversi8_2018.o
                                0x25c (size before relaxing)
 .debug_str     0x00000730       0x20 ./timer.o
                                 0x5a (size before relaxing)
 .debug_str     0x00000750       0x61 ./timer2.o
                                 0x9c (size before relaxing)

.debug_ranges   0x00000000       0x18
 .debug_ranges  0x00000000       0x18 ./main.o
